#-----------------------------------------------------------
# Vivado v2018.3 (64-bit)
# SW Build 2405991 on Thu Dec  6 23:38:27 MST 2018
# IP Build 2404404 on Fri Dec  7 01:43:56 MST 2018
# Start of session at: Thu May 15 17:54:48 2025
# Process ID: 12332
# Current directory: C:/Users/meraj/az_CA_arm
# Command line: vivado.exe -gui_launcher_event rodinguilauncherevent16832 C:\Users\meraj\az_CA_arm\az_CA_arm.xpr
# Log file: C:/Users/meraj/az_CA_arm/vivado.log
# Journal file: C:/Users/meraj/az_CA_arm\vivado.jou
#-----------------------------------------------------------
start_gui
open_project C:/Users/meraj/az_CA_arm/az_CA_arm.xpr
update_compile_order -fileset sources_1
update_compile_order -fileset sim_1
open_bd_design {C:/Users/meraj/az_CA_arm/az_CA_arm.srcs/sources_1/bd/design_1/design_1.bd}
export_ip_user_files -of_objects  [get_files C:/Users/meraj/az_CA_arm/az_CA_arm.srcs/sim_1/new/IF_TB.v] -no_script -reset -force -quiet
remove_files  -fileset sim_1 C:/Users/meraj/az_CA_arm/az_CA_arm.srcs/sim_1/new/IF_TB.v
remove_files  -fileset sim_1 C:/Users/meraj/az_CA_arm/az_CA_arm.srcs/sim_1/new/IF_TB.v
validate_bd_design -force
save_bd_design
generate_target Simulation [get_files C:/Users/meraj/az_CA_arm/az_CA_arm.srcs/sources_1/bd/design_1/design_1.bd]
export_ip_user_files -of_objects [get_files C:/Users/meraj/az_CA_arm/az_CA_arm.srcs/sources_1/bd/design_1/design_1.bd] -no_script -sync -force -quiet
export_simulation -of_objects [get_files C:/Users/meraj/az_CA_arm/az_CA_arm.srcs/sources_1/bd/design_1/design_1.bd] -directory C:/Users/meraj/az_CA_arm/az_CA_arm.ip_user_files/sim_scripts -ip_user_files_dir C:/Users/meraj/az_CA_arm/az_CA_arm.ip_user_files -ipstatic_source_dir C:/Users/meraj/az_CA_arm/az_CA_arm.ip_user_files/ipstatic -lib_map_path [list {modelsim=C:/Users/meraj/az_CA_arm/az_CA_arm.cache/compile_simlib/modelsim} {questa=C:/Users/meraj/az_CA_arm/az_CA_arm.cache/compile_simlib/questa} {riviera=C:/Users/meraj/az_CA_arm/az_CA_arm.cache/compile_simlib/riviera} {activehdl=C:/Users/meraj/az_CA_arm/az_CA_arm.cache/compile_simlib/activehdl}] -use_ip_compiled_libs -force -quiet
launch_simulation
open_wave_config C:/Users/meraj/az_CA_arm/design_1_wrapper_TB_behav1.wcfg
source design_1_wrapper.tcl
relaunch_sim
run all
close_sim
